../USB_DEVICE/App/usbd_cdc_if.c:150:15:CDC_Init_FS	8	static
../USB_DEVICE/App/usbd_cdc_if.c:164:15:CDC_DeInit_FS	4	static
../USB_DEVICE/App/usbd_cdc_if.c:178:15:CDC_Control_FS	16	static
../USB_DEVICE/App/usbd_cdc_if.c:261:6:led_on	4	static
../USB_DEVICE/App/usbd_cdc_if.c:265:6:led_off	4	static
../USB_DEVICE/App/usbd_cdc_if.c:270:6:led_xx_on	16	static
../USB_DEVICE/App/usbd_cdc_if.c:275:6:led_xx_off	16	static
../USB_DEVICE/App/usbd_cdc_if.c:282:6:led_xx_toggle	16	static
../USB_DEVICE/App/usbd_cdc_if.c:289:6:animation_on	4	static
../USB_DEVICE/App/usbd_cdc_if.c:293:6:animation_off	4	static
../USB_DEVICE/App/usbd_cdc_if.c:296:6:send_help	712	static
../USB_DEVICE/App/usbd_cdc_if.c:324:15:CDC_Receive_FS	48	static
../USB_DEVICE/App/usbd_cdc_if.c:420:9:CDC_Transmit_FS	24	static
