../Core/Src/main.c:73:6:HAL_TIM_PeriodElapsedCallback	16	static
../Core/Src/main.c:101:6:cdc_process_at_command	16	static
../Core/Src/main.c:107:6:process_at_command	16	static
../Core/Src/main.c:113:6:modem_init	8	static
../Core/Src/main.c:123:6:connect_wifi	144	static
../Core/Src/main.c:139:6:open_tcp	104	static
../Core/Src/main.c:156:6:send_to_server	80	static
../Core/Src/main.c:181:5:main	1152	static
../Core/Src/main.c:290:6:SystemClock_Config	128	static
../Core/Src/main.c:341:13:MX_ADC1_Init	32	static
../Core/Src/main.c:377:13:MX_TIM2_Init	40	static
../Core/Src/main.c:423:13:MX_I2C1_Init	8	static
../Core/Src/main.c:469:13:MX_SPI1_Init	8	static
../Core/Src/main.c:507:13:MX_USART2_UART_Init	8	static
../Core/Src/main.c:540:13:MX_GPIO_Init	48	static
../Core/Src/main.c:595:6:Error_Handler	4	static,ignoring_inline_asm
